// Jest Snapshot v1, https://goo.gl/fbAQLP

exports[`App snapshot test 1`] = `
<div
  className="App"
>
  <header
    className="App-header"
  >
    <p>
      Webutvikling prosjekt 2 - Håkon, Jenny og Jakob
    </p>
  </header>
  <div
    className="tabs"
  >
    <ol
      className="tab-list"
    >
      <li
        className="tab-list-item tab-list-active"
        onClick={[Function]}
      >
        kombinasjon1
      </li>
      <li
        className="tab-list-item"
        onClick={[Function]}
      >
        kombinasjon2
      </li>
      <li
        className="tab-list-item"
        onClick={[Function]}
      >
        kombinasjon3
      </li>
      <li
        className="tab-list-item"
        onClick={[Function]}
      >
        kombinasjon4
      </li>
    </ol>
    <div
      className="tab-content"
    >
      <div
        className="Tab-Content"
      >
        <div
          className="pic"
        >
          <div
            dangerouslySetInnerHTML={
              Object {
                "__html": "",
              }
            }
          />
        </div>
        <div
          className="info"
        >
          <div
            className="info-text"
          >
            <p />
          </div>
          <div
            className="play-button"
          >
            <div>
              <audio
                controls={true}
              >
                <source
                  src="./Sound/electronic/electronic1.mp3"
                  type="audio/mpeg"
                />
              </audio>
            </div>
          </div>
        </div>
      </div>
    </div>
  </div>
  <div
    className="settings"
  >
    <div
      className="categories"
    >
      <p
        className="bilde"
      >
        Bilde:
      </p>
      <form>
        <label>
          <input
            checked={true}
            name="pictureCategory"
            onChange={[Function]}
            type="radio"
            value="dessert"
          />
          Dessert
        </label>
      </form>
      <form>
        <label>
          <input
            checked={false}
            name="pictureCategory"
            onChange={[Function]}
            type="radio"
            value="drinks"
          />
          Drikke
        </label>
      </form>
      <form>
        <label>
          <input
            checked={false}
            name="pictureCategory"
            onChange={[Function]}
            type="radio"
            value="food"
          />
          Mat
        </label>
      </form>
      <p>
        Lyd:
      </p>
      <form>
        <label>
          <input
            checked={true}
            name="soundCategory"
            onChange={[Function]}
            type="radio"
            value="electronic"
          />
          Elektronisk
        </label>
      </form>
      <form>
        <label>
          <input
            checked={false}
            name="soundCategory"
            onChange={[Function]}
            type="radio"
            value="guitar"
          />
          Gitar
        </label>
      </form>
      <form>
        <label>
          <input
            checked={false}
            name="soundCategory"
            onChange={[Function]}
            type="radio"
            value="piano"
          />
          Piano
        </label>
      </form>
      <p>
        Tekst:
      </p>
      <form>
        <label>
          <input
            checked={true}
            name="textCategory"
            onChange={[Function]}
            type="radio"
            value="1"
          />
          Dikt
        </label>
      </form>
      <form>
        <label>
          <input
            checked={false}
            name="textCategory"
            onChange={[Function]}
            type="radio"
            value="2"
          />
          Haiku
        </label>
      </form>
      <form>
        <label>
          <input
            checked={false}
            name="textCategory"
            onChange={[Function]}
            type="radio"
            value="3"
          />
          Vits
        </label>
      </form>
      <br />
      <div
        className="knapp"
      >
        <button
          className="knapp1"
          onClick={[Function]}
        >
          Vis favoritt
        </button>
        <button
          className="knapp2"
          onClick={[Function]}
        >
          Lagre favoritt
        </button>
        <p>
          Du har trykket: 
           ganger
        </p>
      </div>
    </div>
  </div>
  <div>
    <h4>
      Litt data for å holde oversikt og sjekke at ting funker: 
    </h4>
    <h5>
      Tab Category: 
      kombinasjon1
    </h5>
    <h5>
      Picture Category: 
      dessert
    </h5>
    <h5>
      Sound Category: 
      electronic
    </h5>
    <h5>
      Text Category: 
      1
    </h5>
  </div>
  <br />
</div>
`;
